// Jest Snapshot v1, https://goo.gl/fbAQLP

exports[`mixin: label label_variant should match snapshot 1`] = `
.c0 {
  background-color: white;
}

.c0[href]:hover,
.c0[href]:focus {
  background-color: #e6e6e6;
}

<span
  className="c0"
>
  styled label
</span>
`;
